  bit   perc perc perc  query                           position in query    matching     repeat             position in repeat
score   div. del. ins.  sequence                        begin end   (left)   repeat       class/family     begin  end    (left)  ID

   26   27.0  5.4  7.3  gridss101_45512_11829397_TRUE      23   134  (375) C HSATII       Satellite          (59)    111      2   1  
   50   17.6  4.4 21.5  gridss101_45512_11829397_TRUE     172   504    (5) C HSATII       Satellite           (4)    276      1   1  
   49   20.5  3.8  2.5  gridss101_48227_11829403_TRUE       3   162  (486) + HSATII       Satellite             1    162    (8)   2  
   36   24.8  0.0  0.0  gridss101_48227_11829403_TRUE     163   252  (396) + (CCATT)n     Simple_repeat         1     90    (0)   3  
   48   20.0 10.7  8.8  gridss101_48227_11829403_TRUE     280   636   (12) + HSATII       Satellite             1    363    (2)   4  
  104   19.5  0.0  0.0  gridss102_10053_11829404_TRUE       1   202    (1) + (TGGAG)n     Simple_repeat         1    202    (0)   5  
  121   23.4  0.0  0.0  gridss102_1188_11829405_TRUE        4   178  (461) + AluSg        SINE/Alu            129    303    (7)   6  
  197   22.6  1.7  1.0  gridss102_1188_11829405_TRUE      225   352  (287) + AluSx4       SINE/Alu              5    132  (178)   7  
   35    5.3  0.0  0.0  gridss102_1188_11829405_TRUE      353   391  (248) + (AC)n        Simple_repeat         1     39    (0)   8  
  197   22.6  1.7  1.0  gridss102_1188_11829405_TRUE      392   551   (88) + AluSx4       SINE/Alu            133    294   (16)   7  
   21   25.8  1.8  1.8  gridss102_1188_11829405_TRUE      559   635    (4) + A-rich       Low_complexity        1     76    (0)   9  
   24    0.0  0.0  0.0  gridss11_174421_11827591_FALSE      1    26    (0) + (A)n         Simple_repeat         1     26    (0)  10  
   76   18.9  0.0  0.8  gridss11_311050_11827590_FALSE     19   151   (35) + L1MA10       LINE/L1            6198   6329    (5)  11  
   23    0.0  0.0  0.0  gridss11_311050_11827590_FALSE    162   186    (0) + (A)n         Simple_repeat         1     25    (0)  12  
  661    1.9  0.0  0.0  gridss12_235696_11827595_TRUE       1   542    (0) C L1P1         LINE/L1          (1070)   5076   4535  13  
   79    1.4  0.0  0.0  gridss12_88680_11827594_FALSE       1    74  (345) + (T)n         Simple_repeat         1     74    (0)  14  
  426    1.5  0.0  0.0  gridss12_88680_11827594_FALSE      79   419    (0) C L1HS         LINE/L1             (6)   6149   5809  15  
   44    0.0  0.0  0.0  gridss13_113280_11825634_TRUE       1    40    (0) + (T)n         Simple_repeat         1     40    (0)  16  
   79    0.0  0.0  0.0  gridss14_133675_11827601_FALSE      1    70    (0) + (T)n         Simple_repeat         1     70    (0)  17  
   79   14.9  0.0  0.0  gridss17_220792_11816556_TRUE       7    93  (509) C AluSz6       SINE/Alu          (221)     91      5  18  
   48   33.6  1.2  8.9  gridss17_220792_11816556_TRUE      94   172  (430) + SVA_E        Retroposon/SVA      240    393  (989)  19  
   88   19.1  0.0  0.0  gridss17_220792_11816556_TRUE     490   599    (3) + AluJr        SINE/Alu              1    110  (202)  20  
  257   13.0  0.4  0.0  gridss20_100961_11820719_TRUE       1   254  (358) C AluSc8       SINE/Alu           (56)    255      1  21  
  196   23.3  4.8  0.3  gridss20_100961_11820719_TRUE     258   610    (2) + L1PA16       LINE/L1            5753   6121   (45)  22  
  536    0.9  0.0  0.0  gridss22_141461_11831516_TRUE       1   427   (38) C L1P1         LINE/L1           (436)   5719   5293  23  
   24    0.0  0.0  0.0  gridss22_141461_11831516_TRUE     430   464    (1) + L1P1         LINE/L1            5955   5989  (166)  24  
   63    0.0  0.0  0.0  gridss22_354207_11831515_TRUE       1    68    (0) + (A)n         Simple_repeat         1     68    (0)  25  
   49   28.6 32.3  0.0  gridss22_373272_11832062_TRUE       7   223  (399) C L1ME3F       LINE/L1            (63)   6180   5894  26  
  144   12.3  1.2  1.2  gridss22_373272_11832062_TRUE     229   390  (232) C AluSg4       SINE/Alu           (13)    297    136  27  
  245    9.7  0.0  0.0  gridss22_373272_11832062_TRUE     393   619    (3) C AluSc        SINE/Alu           (18)    291     65  28  
   64    3.1  0.0  0.0  gridss23_122400_11816255_TRUE       1    66   (26) + (T)n         Simple_repeat         1     66    (0)  29  
  550    1.2  0.0  0.0  gridss23_218707_11816254_TRUE       1   591    (1) C L1P1         LINE/L1           (458)   5697   5107  30  
   42    2.4  0.0  0.0  gridss23_267098_11826524_FALSE      1    43    (0) + (G)n         Simple_repeat         1     43    (0)  31  
  140   11.9  0.0  0.3  gridss24_272136_11828818_FALSE      2   391    (0) + ALR/Alpha    Satellite/centr       1    388    (0)  32  
  148   16.2  1.2  0.0  gridss25_67079_11828827_TRUE        1   501    (0) + ALR/Alpha    Satellite/centr       1    507    (0)  33  
  518    3.6  0.2  0.0  gridss26_158277_11816259_TRUE       1   443    (5) C L1HS         LINE/L1          (5587)    445      2  34  
  150   17.5  0.9  0.0  gridss26_357494_11820754_TRUE       1   581    (1) + ALR/Alpha    Satellite/centr       1    586    (0)  35  
   31    0.0  0.0  0.0  gridss26_66695_11816260_TRUE        1    29    (0) + (T)n         Simple_repeat         1     29    (0)  36  
   26    0.0  0.0  0.0  gridss27_133016_11820761_FALSE      1    25    (0) + (T)n         Simple_repeat         1     25    (0)  37  
  653    1.9  0.0  0.0  gridss27_200492_11822729_TRUE       1   578    (0) + L1P1         LINE/L1            4850   5427  (728)  38  
   80    0.0  0.0  0.0  gridss27_92983_11822730_FALSE       1    71    (0) + (T)n         Simple_repeat         1     71    (0)  39  
  410    0.3  0.0  0.0  gridss29_117474_11820776_TRUE       2   335    (1) + L1P1         LINE/L1            5277   5610  (545)  40  
   65    0.0  0.0  0.0  gridss2_68986_11825613_TRUE         1    58    (0) + (T)n         Simple_repeat         1     58    (0)  41  
  676    5.1  0.0  0.0  gridss32_158180_11820798_TRUE       1   593    (0) + L1P1         LINE/L1            4453   5045 (1101)  42  
   83    6.6  0.9  0.9  gridss33_176060_11831575_TRUE      21   133   (47) + (AATGG)n     Simple_repeat         1    113    (0)  43  
   19   10.0  0.0  0.0  gridss33_176060_11831575_TRUE     149   180    (0) + (GGAAT)n     Simple_repeat         1     32    (0)  44  
   36    2.7  0.0  0.0  gridss35_144009_11832108_TRUE      20    57    (0) + (TCCAT)n     Simple_repeat         1     38    (0)  45  
   49   11.8  0.8  0.8  gridss35_156669_11832115_TRUE       1   123    (0) + (TTCCA)n     Simple_repeat         1    123    (0)  46  
  158   12.9  0.0  0.0  gridss35_162934_11832121_TRUE       1   302   (15) + ALR/Alpha    Satellite/centr       1    302    (0)  47  
  159   14.7  0.9  0.0  gridss35_171364_11832126_TRUE      17   444    (1) C ALR/Alpha    Satellite/centr     (0)    432      1  48  
   27   16.9  0.0  0.0  gridss35_173630_11832130_TRUE       1    53   (75) + (TTCCA)n     Simple_repeat         1     53    (0)  49  
   57    4.8  0.0  0.0  gridss35_173630_11832130_TRUE      64   128    (0) + (CATTC)n     Simple_repeat         1     65    (0)  50  
   71    3.7  1.2  1.2  gridss35_323543_11832117_TRUE       1    85    (0) + (TGGAA)n     Simple_repeat         1     85    (0)  51  
   35   21.7  7.1  4.0  gridss36_119538_11832143_TRUE      11   204    (5) C HSATII       Satellite          (42)    199      1  52  
  293   19.3  3.4  0.6  gridss36_192851_11832154_TRUE      21   495    (1) C L1P4         LINE/L1          (2797)   3349   2862  53  
   59    1.8  0.0  0.0  gridss36_364700_11832146_TRUE       1    58   (15) + (TTCCA)n     Simple_repeat         1     58    (0)  54  
   17    8.3  8.3  0.0  gridss36_449197_11832159_TRUE       5    40  (636) + ALR/Alpha    Satellite/centr     118    156   (13)  55  
  161   13.6  0.0  0.0  gridss36_449197_11832159_TRUE      55   676    (0) + ALR/Alpha    Satellite/centr       1    622    (0)  55  
   76    0.0  0.0  0.0  gridss37_84234_11816696_FALSE       1    67    (0) + (T)n         Simple_repeat         1     67    (0)  56  
   51    0.0  0.0  0.0  gridss39_139895_11820861_TRUE       1    46  (448) + (T)n         Simple_repeat         1     46    (0)  57  
  576    0.7  0.0  0.0  gridss39_139895_11820861_TRUE      47   494    (0) C L1HS         LINE/L1            (13)   6142   5695  58  
  639    2.1  0.0  0.0  gridss39_154755_11816280_TRUE       1   531    (1) C L1P1         LINE/L1          (2127)   4019   3489  59  
   89   22.8  0.8  0.0  gridss39_201983_11816714_TRUE      57   183  (238) C AluJr        SINE/Alu          (182)    130      3  60  
   19   22.2  5.6  0.0  gridss39_201983_11816714_TRUE     210   263  (158) + (TC)n        Simple_repeat         1     57    (0)  61  
   58   26.2 10.7  0.6  gridss39_201983_11816714_TRUE     264   397   (24) + MLT1J1       LTR/ERVL-MaLR        30    183  (366)  62  
  550    1.8  0.0  0.0  gridss39_330556_11820860_TRUE       1   442    (0) + L1P1         LINE/L1            3999   4440 (1706)  63  
   67    0.0  0.0  0.0  gridss39_57300_11816279_TRUE        1    60    (0) + (T)n         Simple_repeat         1     60    (0)  64  
  168   16.4  0.0  0.0  gridss3_195294_11816217_TRUE        1   608    (2) C ALR/Alpha    Satellite/centr    (61)    608      1  65  
  858    1.0  0.0  0.0  gridss3_204073_11827569_TRUE        1   680    (0) + L1PA3        LINE/L1            5274   5953  (202)  66  
  240    1.0  0.0  0.0  gridss41_133308_11827667_TRUE       1   200   (17) + L1HS         LINE/L1            5955   6154    (1)  67  
   95    2.1  0.0  0.0  gridss41_267673_11816729_TRUE       1    91  (157) C L1P1         LINE/L1          (1994)   4152   4062  68  
  124    2.5  0.0  0.0  gridss41_267673_11816729_TRUE      92   210   (38) + L1HS         LINE/L1            6036   6154    (1)  69  
   18   14.9  0.0  0.0  gridss41_267673_11816729_TRUE     219   248    (0) + (A)n         Simple_repeat         1     30    (0)  70  
   80    0.0  0.0  0.0  gridss42_443116_11820895_TRUE       3    73    (0) + (T)n         Simple_repeat         1     71    (0)  71  
  161   15.8  0.5  0.3  gridss44_214437_11816286_TRUE       1   381    (0) + ALR/Alpha    Satellite/centr       1    381    (0)  72  
  162   11.3  0.0  0.0  gridss45_191923_11816776_TRUE       3   367    (2) + ALR/Alpha    Satellite/centr       1    365    (0)  73  
  580    1.1  0.0  0.0  gridss46_451018_11816785_TRUE       1   460   (45) + L1HS         LINE/L1            5695   6154    (1)  74  
   41    0.0  0.0  0.0  gridss46_451018_11816785_TRUE     461   505    (0) + (A)n         Simple_repeat         1     45    (0)  75  
  297    1.6  0.0  0.0  gridss47_180838_11831647_TRUE       1   251    (0) + L1P1         LINE/L1            4371   4621 (1525)  76  
   58   11.3  0.0  0.0  gridss48_197191_11827690_FALSE     32   117    (0) + (A)n         Simple_repeat         1     86    (0)  77  
  148    6.7  0.0  0.0  gridss48_82354_11825706_TRUE        1   148  (454) C SVA_C        Retroposon/SVA    (927)    457    310  78  
  148   19.0  4.5  3.6  gridss48_82354_11825706_TRUE      150   396  (206) + AluSg        SINE/Alu             23    271   (39)  79  
   26    0.0  0.0  0.0  gridss48_82354_11825706_TRUE      427   451  (151) + (GGGAGA)n    Simple_repeat         1     25    (0)  80  
   44   23.7  4.9  1.2  gridss48_82354_11825706_TRUE      476   556   (46) C L1M3a        LINE/L1          (5771)    184    101  81  
   32   11.8  0.0  0.0  gridss48_82354_11825706_TRUE      552   602    (0) C AluJr        SINE/Alu          (206)    106     56  82 *
  286    0.4  0.0  0.0  gridss49_125828_11827693_TRUE       3   233    (0) + L1HS         LINE/L1            5778   6008  (147)  83  
   61    0.0  0.0  0.0  gridss49_225619_11831653_TRUE       1    66    (0) + (A)n         Simple_repeat         1     66    (0)  84  
   67   17.0  0.0  0.0  gridss49_249994_11827692_TRUE       1    61  (191) + A-rich       Low_complexity        1     61    (0)  85  
   77   18.9  0.0  0.8  gridss49_249994_11827692_TRUE      62   194   (58) + L1MA10       LINE/L1            6198   6329    (5)  86  
   67   17.0  0.0  0.0  gridss49_249994_11827692_TRUE     195   252    (0) + A-rich       Low_complexity       62    119    (0)  87  
  836    2.2  0.0  0.0  gridss49_40939_11831654_TRUE        1   696    (0) C L1P1         LINE/L1           (799)   5347   4652  88  
  322    0.4  0.0  0.0  gridss50_100809_11816305_TRUE       1   261    (0) + L1HS         LINE/L1            5737   5997  (158)  89  
  444    0.6  0.0  0.0  gridss50_224575_11816306_TRUE       1   351   (33) + L1HS         LINE/L1            5804   6154    (1)  90  
   30    0.0  0.0  0.0  gridss50_224575_11816306_TRUE     352   384    (0) + (A)n         Simple_repeat         1     33    (0)  91  
   90    1.2  0.0  0.0  gridss50_240905_11831672_TRUE       1    86    (0) + L1HS         LINE/L1            6032   6117   (38)  92  
   22    0.0  0.0  0.0  gridss51_218086_11820969_FALSE      1    24  (524) + (T)n         Simple_repeat         1     24    (0)  93  
  574    1.5  0.0  0.0  gridss51_218086_11820969_FALSE     33   488   (60) C L1HS         LINE/L1             (1)   6154   5699  94  
   44    6.6  0.0  0.0  gridss51_218086_11820969_FALSE    488   548    (0) + L1P1         LINE/L1            4215   4275 (1871)  95  
  670    1.5  0.0  0.0  gridss51_433728_11820968_TRUE       1   548    (0) + L1P1         LINE/L1            4283   4830 (1316)  96  
   20    0.0  0.0  0.0  gridss53_86083_11821499_TRUE        1    22    (0) + (A)n         Simple_repeat         1     22    (0)  97  
   85   33.8  5.0  7.0  gridss55_190445_11816317_TRUE      90   350   (42) C MLT1H2       LTR/ERVL-MaLR     (233)    256      1  98  
   58    4.7  0.0  0.0  gridss56_285753_11831683_TRUE       1    66   (11) + (ATTCC)n     Simple_repeat         1     66    (0)  99  
  608    1.1  0.0  0.0  gridss59_196797_11816891_TRUE       1   506    (0) C L1HS         LINE/L1             (0)   6155   5667 100  
  395    3.4  0.0  0.0  gridss59_375011_11816890_TRUE       1   328  (221) C L1PA3        LINE/L1           (293)   5862   5535 101  
  254    2.5  0.0  0.0  gridss59_375011_11816890_TRUE     309   548    (1) + L1P1         LINE/L1            5094   5333  (813) 102 *
   32   17.9  0.0  0.0  gridss60_252686_11832245_TRUE       1    57    (0) + A-rich       Low_complexity        1     57    (0) 103  
  661    2.6  0.0  0.7  gridss60_350439_11832250_TRUE       1   586    (1) + L1P1         LINE/L1            2819   3400 (2746) 104  
  117    0.0  0.0  0.0  gridss61_91245_11816349_TRUE        1   106    (0) + L1P1         LINE/L1            5893   5998  (157) 105  
   44    5.8  0.0  0.0  gridss63_112141_11816358_TRUE       1    54  (455) + (T)n         Simple_repeat         1     54    (0) 106  
  525    1.2  0.0  0.0  gridss63_112141_11816358_TRUE      55   467   (42) C L1HS         LINE/L1            (13)   6142   5730 107  
   18    8.2  0.0  0.0  gridss63_112141_11816358_TRUE     461   509    (0) + L1P1         LINE/L1            5094   5142 (1004) 108 *
  600    0.9  0.0  0.0  gridss63_248256_11816357_TRUE       1   506    (0) + L1P1         LINE/L1            5228   5733  (422) 109  
  558    3.0  1.0  0.0  gridss65_122634_11829164_TRUE       1   496    (0) C L1P1         LINE/L1           (943)   5203   4703 110  
  484    1.3  0.0  0.0  gridss65_159375_11816365_TRUE      18   431    (0) + L1HS         LINE/L1            5766   6155    (0) 111  
  633    5.5  2.4  0.7  gridss65_205526_11829141_TRUE       1   548    (0) C HERVE-int    LTR/ERV1         (3085)   4728   4172 112  
  190   23.6  6.2  0.0  gridss65_274979_11832284_TRUE      27   394   (25) + L1M4         LINE/L1            3565   3955 (2191) 113  
  254    0.5  0.0  0.0  gridss65_41893_11816366_TRUE        1   213    (0) + L1HS         LINE/L1            5769   5981  (174) 114  
   38   19.6  9.5  4.8  gridss65_56984_11829095_TRUE       12   258    (4) C HSATII       Satellite          (31)    258      1 115  
  262   10.9  0.0  0.0  gridss65_69916_11829100_TRUE        2   249  (394) C AluYh3       SINE/Alu           (60)    251      4 116  
   12   22.4  0.0  2.7  gridss65_69916_11829100_TRUE      290   327  (316) + (CCTTTT)n    Simple_repeat         1     37    (0) 117  
  138   20.5  0.0  3.7  gridss65_69916_11829100_TRUE      446   640    (3) C AluJr        SINE/Alu           (21)    291    104 118  
   91   25.3  0.0  0.0  gridss65_71385_11816372_TRUE        4   189  (480) + ACRO1        Satellite/acro        1    186    (0) 119  
  722    5.5  4.5  0.0  gridss65_83486_11829111_TRUE        1   597    (0) C HERVE-int    LTR/ERV1         (4750)   3063   2440 120  
  626    0.6  0.0  0.0  gridss66_179878_11816374_TRUE       1   486    (0) + L1HS         LINE/L1            5542   6027  (128) 121  
   17   19.8  0.0  4.2  gridss66_225168_11831728_TRUE       2    51  (491) + A-rich       Low_complexity        1     48    (0) 122  
   40   23.8  0.0 12.3  gridss66_225168_11831728_TRUE      59   149  (393) + LTR45C       LTR/ERV1            459    539    (0) 123  
   37    0.0  0.0  0.0  gridss66_73229_11816375_FALSE       1    34    (0) + (T)n         Simple_repeat         1     34    (0) 124  
  179   12.8  0.2  0.0  gridss66_96951_11831734_TRUE        1   438    (0) C ALR/Alpha    Satellite/centr    (48)    439      1 125  
   55   13.9  0.0  0.0  gridss67_100142_11816379_TRUE       2   314    (2) + SAR          Satellite             1    313    (0) 126  
  513    1.7  0.0  0.0  gridss67_111663_11816933_TRUE       1   411    (1) + L1HS         LINE/L1            5738   6148    (7) 127  
   64    7.5  0.0  0.0  gridss67_275824_11816932_TRUE       1    84    (0) + (A)n         Simple_repeat         1     84    (0) 128  
  145   15.1  1.2  0.0  gridss67_57277_11829210_TRUE       20   357    (9) C ALR/Alpha    Satellite/centr     (0)    342      1 129  
   17   27.1  3.4  0.0  gridss67_62594_11821080_TRUE      289   347  (199) + MER5A        DNA/hAT-Charlie     123    183    (6) 130  
   55   26.2 11.2  0.0  gridss68_153334_11827748_TRUE      10   116  (543) + MER5A1       DNA/hAT-Charlie      46    164    (2) 131  
  607    1.0  0.0  0.0  gridss68_244681_11816940_TRUE       1   492    (0) C SSU-rRNA_Hsa rRNA             (1189)    680    189 132  
   54   13.9  0.0  0.0  gridss68_26027_11816381_TRUE        2   452    (1) C SAR          Satellite           (3)    451      1 133  
  214    1.7  0.0  0.0  gridss68_72730_11816939_TRUE        1   179  (306) C SSU-rRNA_Hsa rRNA             (1690)    179      1 134  
  588    1.7  0.0  0.0  gridss69_127622_11821104_TRUE       1   476    (1) C L1P1         LINE/L1          (1786)   4360   3885 135  
  110    0.0  0.0  0.0  gridss69_189874_11827752_TRUE       1    99  (231) C L1P1         LINE/L1           (157)   5998   5900 136 *
  274    6.1  0.0  0.5  gridss69_189874_11827752_TRUE      51   330    (0) + L1P1         LINE/L1            4377   4648 (1498) 137  
   66    0.0  0.0  0.0  gridss69_280385_11821103_FALSE      1    72    (0) + (A)n         Simple_repeat         1     72    (0) 138  
   63    0.0  0.0  0.0  gridss6_102886_11831455_TRUE        1    56    (2) + (T)n         Simple_repeat         1     56    (0) 139  
   56    0.0  0.0  0.0  gridss6_211745_11816221_TRUE        1    61    (0) + (A)n         Simple_repeat         1     61    (0) 140  
   52    0.0  0.0  0.0  gridss6_279436_11816225_FALSE       1    56    (0) + (A)n         Simple_repeat         1     56    (0) 141  
  211    0.6  0.0  0.0  gridss6_92983_11816222_TRUE         1   175    (0) + L1HS         LINE/L1            5828   6002  (153) 142  
  145   18.2  0.8  4.4  gridss70_305590_11821115_TRUE      11   246  (331) C Tigger1      DNA/TcMar-Tigger (2180)    238     11 143  
   40    6.2  0.0  0.0  gridss70_350150_11821123_TRUE       1    51    (0) + (A)n         Simple_repeat         1     51    (0) 144  
   30    0.0  0.0  0.0  gridss71_148581_11831755_FALSE      1    28  (187) + (T)n         Simple_repeat         1     28    (0) 145  
   72   19.2  0.0  0.8  gridss71_148581_11831755_FALSE     36   166   (49) C L1MA10       LINE/L1             (5)   6329   6200 146  
   41    4.4  0.0  0.0  gridss71_148581_11831755_FALSE    167   213    (2) + (T)n         Simple_repeat         1     47    (0) 147  
  718    2.7  0.0  0.0  gridss71_395831_11831754_TRUE       2   600    (0) + L1P1         LINE/L1            4632   5230  (916) 148  
   61    0.0  0.0  0.0  gridss72_126865_11825768_TRUE       1    66    (0) + (A)n         Simple_repeat         1     66    (0) 149  
  759    2.2  0.0  0.0  gridss72_151757_11827757_TRUE       5   626    (0) + L1P1         LINE/L1            3489   4110 (2036) 150  
  788    2.5  0.2  0.0  gridss72_42656_11825769_TRUE        2   639    (2) + L1HS         LINE/L1              13    651 (5381) 151  
   22    0.0  0.0  0.0  gridss72_45496_11827758_TRUE        1    24    (0) + (T)n         Simple_repeat         1     24    (0) 152  
  157   17.1  1.2  0.0  gridss74_68685_11831770_TRUE        1   425    (5) C ALR/Alpha    Satellite/centr    (83)    430      1 153  
  123    0.0  0.0  0.0  gridss75_163967_11825772_TRUE       1   110    (5) C L1P1         LINE/L1           (145)   6010   5901 154  
  377    1.0  0.0  0.0  gridss75_311490_11821177_TRUE       1   308    (1) C L1HS         LINE/L1           (194)   5961   5654 155  
  291   14.5  0.7  0.0  gridss77_42918_11827772_TRUE        2   297  (366) + AluSc5       SINE/Alu              5    302    (7) 156  
  149   21.6 11.8  0.0  gridss77_42918_11827772_TRUE      409   663    (0) C LTR61        LTR/ERV1            (2)    557    273 157  
  154   14.2  0.0  0.0  gridss77_92347_11827771_TRUE       11   518    (1) + ALR/Alpha    Satellite/centr       1    508    (0) 158  
   14   16.9  6.2  2.0  gridss77_92629_11827773_TRUE       44    91  (494) + A-rich       Low_complexity        1     50    (0) 159  
   28    2.6  0.0  7.1  gridss77_92629_11827773_TRUE      311   355  (230) + (TGTT)n      Simple_repeat         1     42    (0) 160  
   95   12.0  0.0  0.0  gridss77_92629_11827773_TRUE      356   446  (139) C AluSq        SINE/Alu           (31)    282    192 161  
  103    1.1  0.0  0.0  gridss79_297232_11821634_TRUE       1    94   (60) + (ACCCCG)n    Simple_repeat         1     94    (0) 162  
   52    0.0  0.0  0.0  gridss79_297232_11821634_TRUE      95   154    (0) + (TAACCC)n    Simple_repeat         1     60    (0) 163  
   65    1.6  0.0  0.0  gridss79_589238_11821627_TRUE       1    63    (3) + (ATTCC)n     Simple_repeat         1     63    (0) 164  
  317   10.6  0.0  1.3  gridss79_759038_11821650_TRUE      99   400   (95) + AluSx        SINE/Alu              2    299   (13) 165  
   20   28.2  5.9  0.0  gridss79_759038_11821650_TRUE     407   491    (4) C L1ME4b       LINE/L1            (18)   6127   6038 166  
   14   18.8  0.0  0.0  gridss7_237702_11821409_TRUE       63    93  (434) + (GGCC)n      Simple_repeat         1     31    (0) 167  
  143   14.6  1.0  0.0  gridss80_95502_11821661_TRUE        4   420    (1) + ALR/Alpha    Satellite/centr       1    421    (0) 168  
  142   14.7  2.4  0.0  gridss82_168739_11832357_TRUE       1   330    (0) + HSATII       Satellite             1    337    (0) 169  
  142   14.0  1.0  0.0  gridss82_168796_11832359_TRUE       1   314    (1) C HSATII       Satellite           (8)    317      1 170  
  148   14.6  1.2  0.0  gridss82_168818_11832361_TRUE       1   625    (1) C HSATII       Satellite           (4)    632      1 171  
   49   17.0  0.0  0.0  gridss82_169660_11816406_FALSE      2    87    (0) + A-rich       Low_complexity        1     86    (0) 172  
  139   12.4  0.0  0.0  gridss82_34930_11832360_TRUE        1   305    (1) C HSATII       Satellite          (68)    305      1 173  
   58    0.0  0.0  0.0  gridss82_350953_11821219_FALSE      1    63    (0) + (A)n         Simple_repeat         1     63    (0) 174  
  132   19.6  1.6  0.0  gridss83_222545_11831797_TRUE      23   334    (2) + ALR/Alpha    Satellite/centr       1    317    (1) 175  
  219   21.4  9.7  0.0  gridss83_38603_11827805_TRUE        2   106  (363) C LSU-rRNA_Hsa rRNA             (4053)    982    878 176  
   38    4.7  0.0  0.0  gridss83_38603_11827805_TRUE      107   150  (319) + (CCG)n       Simple_repeat         1     44    (0) 177  
  219   21.4  9.7  0.0  gridss83_38603_11827805_TRUE      151   469    (0) C LSU-rRNA_Hsa rRNA             (4158)    877    518 176  
  133    0.0  0.0  0.0  gridss83_418985_11818558_TRUE       1   115    (0) + (TTAGGG)n    Simple_repeat         1    115    (0) 178  
  169   16.8  0.7  0.0  gridss84_50736_11827810_TRUE        1   606    (1) C ALR/Alpha    Satellite/centr   (126)    609      1 179  
  136   14.6  2.0  0.0  gridss84_66210_11832383_TRUE        2   254   (21) C ALR/Alpha    Satellite/centr    (84)    258      1 180  
  497    1.7  0.0  0.0  gridss85_117458_11821243_TRUE       1   525    (0) + L1P1         LINE/L1            4963   5487  (668) 181  
   55    3.1  0.0  0.0  gridss85_366153_11821244_TRUE      15    79    (0) + (A)n         Simple_repeat         1     65    (0) 182  
  155   14.3  0.0  0.0  gridss85_530816_11821745_TRUE      10   282    (0) + ALR/Alpha    Satellite/centr       1    273    (0) 183  
  176   13.8  0.8  0.0  gridss86_323508_11832407_TRUE      16   524    (6) C ALR/Alpha    Satellite/centr     (0)    513      1 184  
  186   11.8  0.2  0.0  gridss87_156826_11832412_TRUE       1   538    (1) + ALR/Alpha    Satellite/centr       1    539    (1) 185  
  160   12.8  0.3  0.0  gridss87_167155_11832414_TRUE       1   361    (0) + ALR/Alpha    Satellite/centr       1    362    (1) 186  
  148   17.4  1.8  0.0  gridss87_40775_11832413_TRUE       16   519   (15) + ALR/Alpha    Satellite/centr       1    513    (6) 187  
   59   13.6  0.3  0.0  gridss87_62759_11825798_TRUE        2   288    (4) + SAR          Satellite             1    287    (0) 188  
  487    3.8  0.0  0.0  gridss87_71097_11825800_TRUE        1   422    (0) + L1P1         LINE/L1            4660   5081 (1065) 189  
  176   10.5  0.0  0.0  gridss88_144097_11832423_TRUE       1   404    (0) + ALR/Alpha    Satellite/centr       1    404    (0) 190  
   52    0.0  0.0  0.0  gridss88_206745_11816436_TRUE       1    56    (0) + (A)n         Simple_repeat         1     56    (0) 191  
  679    2.5  0.0  0.0  gridss88_212790_11827821_TRUE       1   565    (0) + L1P1         LINE/L1            4673   5237  (909) 192  
  413    0.6  0.0  0.0  gridss88_70327_11816437_TRUE        1   329    (0) + L1HS         LINE/L1            5677   6005  (150) 193  
  143   10.8  1.1  0.0  gridss88_82401_11832419_TRUE        1   373    (0) C ALR/Alpha    Satellite/centr    (38)    377      1 194  
  628    1.0  0.0  0.0  gridss89_100889_11816447_TRUE       1   495    (0) + L1HS         LINE/L1            5360   5854  (301) 195  
   65   21.7  0.0  0.0  gridss89_110328_11832432_TRUE       2    93    (5) + ALR/Alpha    Satellite/centr      66    157   (14) 196  
  607    0.6  0.0  0.0  gridss89_287792_11816446_FALSE      1   474   (57) + L1HS         LINE/L1            5681   6154    (1) 197  
   44    5.7  0.0  0.0  gridss89_287792_11816446_FALSE    477   531    (0) + (A)n         Simple_repeat         1     55    (0) 198  
  166   10.3  0.2  0.0  gridss91_133263_11821310_TRUE      17   447    (0) + ALR/Alpha    Satellite/centr       1    432    (0) 199  
  146   14.4  0.3  2.1  gridss91_340266_11821309_TRUE       2   591    (2) C ALR/Alpha    Satellite/centr    (98)    579      1 200  
  192   18.4  0.4  0.0  gridss91_96810_11821307_TRUE       11   249  (285) C MST-int      LTR/ERVL-MaLR    (1401)    250     11 201  
  145   25.0  7.4  1.5  gridss91_96810_11821307_TRUE      276   531    (3) C MSTA         LTR/ERVL-MaLR      (59)    369     99 202  
  163   11.0  0.4  0.0  gridss91_97917_11821308_TRUE        4   496    (0) C ALR/Alpha    Satellite/centr    (56)    495      1 203  
  120    2.7  0.0  0.0  gridss92_195955_11817070_TRUE      13   123    (0) + L1P1         LINE/L1            5883   5993  (162) 204  
   40   11.9  0.0  0.0  gridss93_124570_11829317_TRUE       1    73  (161) + (GGAAT)n     Simple_repeat         1     73    (0) 205  
   60   22.0  2.0  0.7  gridss93_124570_11829317_TRUE      80   229    (5) + (TGGAG)n     Simple_repeat         1    152    (0) 206  
   45   13.6  0.0  0.0  gridss93_149884_11829336_TRUE       1   119    (0) + SAR          Satellite             1    119    (1) 207  
  150   17.5  0.9  0.0  gridss93_158779_11832452_TRUE       2   690    (0) C ALR/Alpha    Satellite/centr    (65)    694      1 208  
   61   12.4  0.0  0.0  gridss94_109680_11829363_TRUE       1   234    (1) + SAR          Satellite             1    234    (0) 209  
  139   15.4  0.5  0.5  gridss94_158742_11821348_TRUE      13   438    (0) C ALR/Alpha    Satellite/centr     (0)    426      1 210  
  148   14.5  0.2  0.0  gridss94_25050_11821345_TRUE        2   636    (1) C ALR/Alpha    Satellite/centr    (12)    636      1 211  
  145   17.2  0.0  0.0  gridss94_65025_11821353_TRUE       21   566    (0) + ALR/Alpha    Satellite/centr       1    546    (0) 212  
  230   18.1  1.0  5.1  gridss95_30735_11816465_TRUE      143   446   (94) + AluYk2       SINE/Alu              1    292   (19) 213  
  397    0.3  0.0  0.0  gridss95_376072_11821358_TRUE       1   316    (0) C L1HS         LINE/L1           (158)   5997   5682 214  
  141   16.9  0.6  0.0  gridss96_102046_11827855_TRUE       1   473   (38) + ALR/Alpha    Satellite/centr       1    475    (0) 215  
  527    1.0  0.0  0.0  gridss96_123441_11827859_TRUE       8   452    (0) C L1HS         LINE/L1             (0)   6155   5736 216  
   64    0.0  0.0  0.0  gridss96_201040_11825824_TRUE       1    70    (0) + (A)n         Simple_repeat         1     70    (0) 217  
  586    0.9  0.0  0.0  gridss96_271688_11827858_TRUE       1   461    (0) C L1HS         LINE/L1           (229)   5926   5466 218  
  130   20.6  1.1  0.0  gridss96_309987_11831837_TRUE       3   389    (0) C ALR/Alpha    Satellite/centr    (25)    391      1 219  
  170   10.3  0.4  0.0  gridss97_126953_11816472_TRUE       1   281    (1) C ALR/Alpha    Satellite/centr   (126)    282      1 220  
  167   17.1  0.4  0.0  gridss98_128530_11817113_TRUE       1   492    (1) C ALR/Alpha    Satellite/centr   (104)    494      1 221  
  148   16.2  0.6  0.0  gridss98_131351_11817114_TRUE       1   351    (0) + ALR/Alpha    Satellite/centr       1    353    (0) 222  
  130   20.8  0.9  0.0  gridss98_273846_11817117_TRUE       1   442    (3) + ALR/Alpha    Satellite/centr       1    446    (4) 223  
   21   39.1  0.0  0.0  gridss98_76813_11816473_TRUE       80   166  (380) C X2a_DNA      DNA                (95)     94      8 224  
  533    0.7  0.0  0.0  gridss99_167081_11827867_FALSE      1   421   (89) C L1P1         LINE/L1           (368)   5787   5367 225  
   85    2.2  0.0  0.0  gridss99_167081_11827867_FALSE    419   509    (1) + L1P1         LINE/L1            2867   2957 (3189) 226 *
   47    0.0  0.0  0.0  gridss99_215244_11821865_FALSE      1    51    (0) + (A)n         Simple_repeat         1     51    (0) 227  
  431    1.2  0.0  0.0  gridss99_44819_11816476_TRUE        7   372    (0) C L1HS         LINE/L1             (0)   6155   5808 228  
