There were no repetitive sequences detected in file.fa
