   SW   perc perc perc  query                                               position in query    matching repeat          position in repeat
score   div. del. ins.  sequence                                            begin end   (left)   repeat   class/family  begin  end    (left)  ID

  327   0.25 0.5  0.75  AB007990REALLYLONGCONTIGNAME_ASDF_ASDFSDF_ASD_FA_S      4   357    (3) + (A)n     Simple_repeat      2    354    (0)   1  
  693   29.9 14.6  0.0  gridss0b_160b     79   366    (1) C MLT1H    LTR/ERVL-MaLR    (12)    537    208   2  