   SW   perc perc perc  query             position in query    matching     repeat           position in repeat
score   div. del. ins.  sequence          begin end   (left)   repeat       class/family   begin  end    (left)  ID

   16    9.3  0.0  0.0  gridss124bf_2h        9    31   (43) + (A)n         Simple_repeat       1     23    (0)   1  
   16    9.3  0.0  0.0  gridss124bf_2o        9    31   (43) + (A)n         Simple_repeat       1     23    (0)   2  
   39    0.0  0.0  0.0  gridss12f_24b        79   114    (0) + (G)n         Simple_repeat       1     36    (0)   3  
   28   23.1  2.9  3.9  gridss132b_16b       11   113    (9) + G-rich       Low_complexity      1    102    (0)   4  
   17   15.5  0.0  0.0  gridss132b_18b        8    36    (1) + (C)n         Simple_repeat       1     29    (0)   5  
   55   22.1  0.0  0.0  gridss132b_21b        1   112    (3) + G-rich       Low_complexity      1    112    (0)   6  
   15   20.0  0.0  0.0  gridss132b_24b        3    31   (10) + (C)n         Simple_repeat       1     29    (0)   7  
   20   13.9  0.0  0.0  gridss132bb_21h       1    32    (0) + (G)n         Simple_repeat       1     32    (0)   8  
   20   13.9  0.0  0.0  gridss132bb_21o       1    32    (0) + (C)n         Simple_repeat       1     32    (0)   9  
   37    2.6  0.0  0.0  gridss132bb_24h       1    39   (34) + (G)n         Simple_repeat       1     39    (0)  10  
   37    2.6  0.0  0.0  gridss132bb_24o      35    73    (0) + (C)n         Simple_repeat       1     39    (0)  11  
   13   15.9  0.0  0.0  gridss132f_13b        8    35   (84) + (CCGCC)n     Simple_repeat       1     28    (0)  12  
   20   13.9  0.0  0.0  gridss132f_13b       53    84   (35) + (G)n         Simple_repeat       1     32    (0)  13  
   20    4.3  0.0  0.0  gridss132f_13b       95   118    (1) + (C)n         Simple_repeat       1     24    (0)  14  
   25    6.6  0.0  0.0  gridss132f_16b       24    55    (0) + (C)n         Simple_repeat       1     32    (0)  15  
   40    8.0  0.0  0.0  gridss132fb_34h      12    64    (0) + (G)n         Simple_repeat       1     53    (0)  16  
   40    8.0  0.0  0.0  gridss132fb_34o      12    64    (0) + (G)n         Simple_repeat       1     53    (0)  17  
   35   12.4  0.0  0.0  gridss132fb_66h       7    59    (0) + (G)n         Simple_repeat       1     53    (0)  18  
   35   12.4  0.0  0.0  gridss132fb_66o       7    59    (0) + (G)n         Simple_repeat       1     53    (0)  19  
   12   19.1  2.6  2.6  gridss132fb_92h      11    48    (0) + (GCCCGGC)n   Simple_repeat       1     38    (0)  20  
   12   19.1  2.6  2.6  gridss132fb_92o      11    48    (0) + (GCCCGGC)n   Simple_repeat       1     38    (0)  21  
   16    5.2  0.0  0.0  gridss151f_10b       76    95    (1) + (C)n         Simple_repeat       1     20    (0)  22  
   21   18.1  0.0  0.0  gridss159f_2b        88   125    (0) + (C)n         Simple_repeat       1     38    (0)  23  
   17    4.9  0.0  0.0  gridss173b_1b        19    39    (2) + (A)n         Simple_repeat       1     21    (0)  24  
   51   12.7  0.0  0.0  gridss228b_7b        30   107    (0) + (G)n         Simple_repeat       1     78    (0)  25  
   18   11.8  8.7  0.0  gridss23b_4b          2    47    (7) + (TTTTGTTG)n  Simple_repeat       1     50    (0)  26  
   14   18.4  0.0  0.0  gridss260f_3b         1    31    (3) + (TGG)n       Simple_repeat       1     31    (0)  27  
  246   14.8  0.0  0.0  gridss264b_6b        35    88    (5) + SAR          Satellite           2     55   (29)  28  
  310   13.6  1.7  0.0  gridss264f_13b        5    63   (32) + SAR          Satellite          18     77    (7)  29  
   41    0.0  0.0  0.0  gridss312b_1056b      1    38   (59) + (C)n         Simple_repeat       1     38    (0)  30  
   16   29.4  3.0  0.0  gridss312b_1405b      3    68   (25) + G-rich       Low_complexity      1     68    (0)  31  
   14   12.1  5.3  2.6  gridss312b_1437b      5    77   (25) + G-rich       Low_complexity      1     74    (0)  32  
   32   21.3  0.0  0.0  gridss312b_1457b     16    87    (2) + G-rich       Low_complexity      1     72    (0)  33  
   79    4.7  0.0  0.0  gridss312b_1472b      1    88   (47) + (G)n         Simple_repeat       1     88    (0)  34  
   12    9.7  2.4 10.5  gridss312b_1472b     93   133    (2) + G-rich       Low_complexity      1     38    (0)  35  
   29   12.5  0.0  0.0  gridss312b_1627b      1    44   (52) + (C)n         Simple_repeat       1     44    (0)  36  
   27   23.8  2.3  2.3  gridss312b_1627b     45    88    (8) + (CCCCGC)n    Simple_repeat       1     88    (0)  37  
   16    0.0  0.0  0.0  gridss312b_1700b      1    17   (88) + (C)n         Simple_repeat       1     17    (0)  38  
   19   14.2  0.0  0.0  gridss312b_187b      57    87   (34) + (C)n         Simple_repeat       1     31    (0)  39  
   19   11.7  0.0  0.0  gridss312b_208b       1    28   (53) + (C)n         Simple_repeat       1     28    (0)  40  
  273    2.6  0.0  4.0  gridss312b_2342b      1    79    (1) + LSU-rRNA_Hsa rRNA             2099   2174 (2861)  41  
   46    5.7  0.0  0.0  gridss312b_2809b      1    55    (0) + (C)n         Simple_repeat       1     55    (0)  42  
   16   13.8  0.0  3.0  gridss312b_3175b      3    36   (73) + (CCGC)n      Simple_repeat       1     33    (0)  43  
   56    7.2  0.0  0.0  gridss312b_3246b      1    73    (0) + (G)n         Simple_repeat       1     73    (0)  44  
   24    9.4  0.0  0.0  gridss312b_3553b      1    34    (6) + (T)n         Simple_repeat       1     34    (0)  45  
   26    0.0  0.0  0.0  gridss312b_3975b     95   119   (26) + (C)n         Simple_repeat       1     25    (0)  46  
   21   23.4  3.8  2.5  gridss312b_3b        84   178   (36) + (GCGGCGG)n   Simple_repeat       1     96    (0)  47  
   31    3.0  0.0  0.0  gridss312b_4074b      2    35    (0) + (G)n         Simple_repeat       1     34    (0)  48  
   82    2.5  0.0  0.0  gridss312b_4084b      1    81    (0) + (C)n         Simple_repeat       1     81    (0)  49  
   17   26.1  0.0  6.0  gridss312b_4086b     23    93   (33) + (CCGCCC)n    Simple_repeat       1     67    (0)  50  
   34   14.4  0.0  0.0  gridss312b_455b      30    83    (7) + (A)n         Simple_repeat       1     54    (0)  51  
   25   17.8  0.0  0.0  gridss312b_4598b      6    50   (10) + (C)n         Simple_repeat       1     45    (0)  52  
   17   20.2  0.0  0.0  gridss312b_480b      41   101   (19) + (C)n         Simple_repeat       1     61    (0)  53  
   20    7.9  0.0  0.0  gridss312b_5127b      1    27   (71) + (C)n         Simple_repeat       1     27    (0)  54  
   28   17.6  0.0  0.0  gridss312b_5144b     25    45   (74) + G-rich       Low_complexity      1     21    (0)  55  
   47    0.0  0.0  0.0  gridss312b_5144b     46    88   (31) + (C)n         Simple_repeat       1     43    (0)  56  
   28   17.6  0.0  0.0  gridss312b_5144b     89   119    (0) + G-rich       Low_complexity     22     52    (0)  57  
   39    4.6  0.0  0.0  gridss312b_76b        1    45   (43) + (C)n         Simple_repeat       1     45    (0)  58  
   61    3.2  0.0  0.0  gridss312b_7b         1    64   (52) + (G)n         Simple_repeat       1     64    (0)  59  
   19    4.5  0.0  0.0  gridss312f_1072b    105   127    (0) + (G)n         Simple_repeat       1     23    (0)  60  
   20   20.5  0.0  0.0  gridss312f_1498b     14    52   (41) + G-rich       Low_complexity      1     39    (0)  61  
   16    0.0  0.0  0.0  gridss312f_2280b      2    19  (107) + (C)n         Simple_repeat       1     18    (0)  62  
   12   29.1  0.0  2.1  gridss312f_2282b     45    92    (5) + (CCCGAA)n    Simple_repeat       1     47    (0)  63  
   27    0.0 15.8  0.0  gridss312f_2612b      1    57    (4) + (CAGGAG)n    Simple_repeat       1     66    (0)  64  
   18   27.6  0.0  0.0  gridss312f_2649b      2    53    (0) + G-rich       Low_complexity      1     52    (0)  65  
   32   14.8  0.0  0.0  gridss312f_2651b      1    70    (0) + (G)n         Simple_repeat       1     70    (0)  66  
   16   11.6  0.0  0.0  gridss312f_2659b      2    29    (7) + (GCA)n       Simple_repeat       1     28    (0)  67  
   29    3.2  0.0  0.0  gridss312f_2736b     50    81    (0) + (G)n         Simple_repeat       1     32    (0)  68  
   18   34.0  0.0  0.0  gridss312f_2781b     19    78   (30) + GA-rich      Low_complexity      1     60    (0)  69  
   44   13.0  0.0  0.0  gridss312f_278b      35   102    (3) + (G)n         Simple_repeat       1     68    (0)  70  
   92    3.3  0.0  0.0  gridss312f_294b       1    94    (0) + (G)n         Simple_repeat       1     94    (0)  71  
   28   12.8  0.0  0.0  gridss312f_3042b     44    86    (0) + (G)n         Simple_repeat       1     43    (0)  72  
   69    9.0  0.0  0.0  gridss312f_3393b     11   105    (0) + (G)n         Simple_repeat       1     95    (0)  73  
   13   23.5  2.5  0.0  gridss312f_3401b     37    76   (65) + (CCGC)n      Simple_repeat       1     41    (0)  74  
   16   14.8  2.7 11.6  gridss312f_3401b     77   106   (35) + (GCGGCC)n    Simple_repeat       6     69    (0)  75  
   26    0.0  0.0  0.0  gridss312f_3848b      1    25    (6) + (C)n         Simple_repeat       1     25    (0)  76  
   28   32.2  0.0  0.0  gridss312f_392b       6    88    (0) + (CC)n        Simple_repeat       1     83    (0)  77  
   26    6.2  0.0  0.0  gridss312f_395b       3    36   (48) + (C)n         Simple_repeat       1     34    (0)  78  
   16   23.9  0.0  0.0  gridss312f_395b      50    84    (0) + (C)n         Simple_repeat       1     35    (0)  78  
   29   19.2  0.0  0.0  gridss312f_398b       1    54   (14) + (C)n         Simple_repeat       1     54    (0)  79  
   33   20.9  0.0  0.0  gridss312f_403b       3    68   (24) + (C)n         Simple_repeat       1     66    (0)  80  
   16   16.8  0.0  0.0  gridss312f_4602b      1    27   (75) + (C)n         Simple_repeat       1     27    (0)  81  
   36   12.2  0.0  0.0  gridss312f_4613b      5    58   (86) + (A)n         Simple_repeat       1     54    (0)  82  
   27    8.7  0.0  0.0  gridss312f_5001b     83   119    (0) + (G)n         Simple_repeat       1     37    (0)  83  
   21    0.0  0.0  0.0  gridss312f_518b       2    24    (0) + (C)n         Simple_repeat       1     23    (0)  84  
   26    6.2  0.0  0.0  gridss312f_533b       3    36  (112) + (C)n         Simple_repeat       1     34    (0)  85  
   17    8.9  0.0  0.0  gridss312f_545b       1    24   (74) + (C)n         Simple_repeat       1     24    (0)  86  
   19   10.1  0.0  0.0  gridss312fb_317h      2    33    (0) + (GGAGCA)n    Simple_repeat       1     32    (0)  87  
   19   10.1  0.0  0.0  gridss312fb_317o      2    33    (0) + (GGAGCA)n    Simple_repeat       1     32    (0)  88  
   33    8.7  0.0  0.0  gridss312fb_319h      8    56    (2) + (GCAGGA)n    Simple_repeat       1     49    (0)  89  
   33    8.7  0.0  0.0  gridss312fb_319o      8    56    (2) + (GCAGGA)n    Simple_repeat       1     49    (0)  90  
   13   16.5  0.0  0.0  gridss312fb_335h      4    30    (2) + GA-rich      Low_complexity      1     27    (0)  91  
   13   16.5  0.0  0.0  gridss312fb_335o      4    30    (2) + GA-rich      Low_complexity      1     27    (0)  92  
   17    8.2  0.0  0.0  gridss312fb_36h       2    27    (0) + (CCA)n       Simple_repeat       1     26    (0)  93  
   17    8.2  0.0  0.0  gridss312fb_36o       2    27    (0) + (CCA)n       Simple_repeat       1     26    (0)  94  
   71    2.8  0.0  0.0  gridss312fb_37h       1    72    (0) + (C)n         Simple_repeat       1     72    (0)  95  
   71    2.8  0.0  0.0  gridss312fb_37o       1    72    (0) + (C)n         Simple_repeat       1     72    (0)  96  
   50    3.8  0.0  0.0  gridss48f_4b          3    56  (100) + (T)n         Simple_repeat       1     54    (0)  97  
   27   18.4  0.0  0.0  gridss48f_4b         70   143   (13) + (T)n         Simple_repeat       1     74    (0)  97  
   22    0.0  0.0  0.0  gridss60b_6b          1    24   (94) + (G)n         Simple_repeat       1     24    (0)  98  
   78   21.1  0.0  0.0  gridss85f_4b          2   156    (3) + (T)n         Simple_repeat       1    155    (0)  99  
  114   18.6  0.0  0.0  gridss91f_10b        15   223    (0) + (C)n         Simple_repeat       1    209    (0) 100  
